exports[`test renders without crashing 1`] = `
<div
  className="App">
  <div
    className="App-header">
    <h2>
      Welcome three React
    </h2>
  </div>
  <p
    className="App-intro">
    To get started, edit 
    <code>
      src/App.js
    </code>
     and save to reload.
  </p>
</div>
`;
